// Jest Snapshot v1, https://goo.gl/fbAQLP

exports[`Enzyme shallow 事件 1`] = `ShallowWrapper {}`;
